// Jest Snapshot v1, https://goo.gl/fbAQLP

exports[`Features Merge Conflict Resolution it should properly fix merge conflicts 1`] = `
"# This file is generated by running \\"berry install\\" inside your project.
# Manual changes might be lost - proceed with caution!

__metadata:
  version: 3

\\"no-deps@npm:*\\":
<<<<<<< HEAD
  version: 1.0.0
  resolution: \\"no-deps@npm:1.0.0\\"
  checksum: 25f16c3cf533d2bcee1aaeeb825bccee290dfb13e60442df735bb3521c95087f8b6a77accad79f79f3a51d60c6ed222b430a73edb4cf4306375e9329d9ba70f9
=======
  version: 2.0.0
  resolution: \\"no-deps@npm:2.0.0\\"
  checksum: 8ed1476baacbd817a052b42c19b5662bd2335c7b1dfc17cbee2b0dcf026d534c12631a9484865d3e84c68cf5ac72c112f506f5d5e058b5c5e21307ec223927c7
>>>>>>> 2.0.0
  languageName: node
  linkType: hard

\\"root-workspace-988eec@workspace:.\\":
  version: 0.0.0-use.local
  resolution: \\"root-workspace-988eec@workspace:.\\"
  dependencies:
    no-deps: \\"npm:*\\"
  languageName: unknown
  linkType: soft
"
`;

exports[`Features Merge Conflict Resolution it should properly fix merge conflicts 2`] = `
Object {
  "code": 0,
  "stderr": "",
  "stdout": "‚û§ YN0048: Automatically fixed merge conflicts üëç
‚û§ YN0000: ‚îå Resolution step
‚û§ YN0000: ‚îî Completed
‚û§ YN0000: ‚îå Fetch step
‚û§ YN0000: ‚îî Completed
‚û§ YN0000: ‚îå Link step
‚û§ YN0000: ‚îî Completed
‚û§ YN0000: Done
",
}
`;
